// Jest Snapshot v1, https://goo.gl/fbAQLP

exports[`TmDataLoading has the expected html structure 1`] = `
<div class="tm-data-msg">
  <img src="~assets/images/loader.svg" class="tm-data-msg__icon">
  <div class="tm-data-msg__text">
    <div slot="title" class="tm-data-msg__title">
      Data is loadingâ€¦
    </div>
    <div slot="subtitle" class="tm-data-msg__subtitle">
      Please wait a moment.
    </div>
  </div>
</div>
`;
