// Jest Snapshot v1, https://goo.gl/fbAQLP

exports[`TmLiStakeTransaction delegations should show delegations 1`] = `
<div
  class="tm-li-tx"
>
  <div
    class="tm-li-tx__icon"
  >
    <img
      src="../../assets/cosmos-logo.png"
      style="border-color: #512584;"
    />
  </div>
  <div
    class="tm-li-tx__content"
  >
    <div
      class="tm-li-tx__content__left"
    >
      <div
        class="tm-li-tx__content__caption"
      >
        <p
          class="tm-li-tx__content__caption__title"
        >
          <div>
            Delegated 
            <b>
              4200
            </b>
            <span>
               stakes
            </span>
          </div>
        </p>
      </div>
      <div
        class="tm-li-tx__content__information"
      >
        <div>
          To 
          <router-link
            to="/validator/cosmosvaladdr15ky9du8a2wlstz6fpx3p4mqpjyrm5ctqzh8yqw"
          >
            cool validator
          </router-link>
        </div>
      </div>
    </div>
    <!---->
    <div
      class="tm-li-tx__content__block"
    >
      <a
        href="https://explorecosmos.network/blocks/566"
      >
        Block #566 
      </a>
      @ 2:03 am
    </div>
  </div>
</div>
`;

exports[`TmLiStakeTransaction redelegations should show redelegations and calculate tokens from shares 1`] = `
<div
  class="tm-li-tx"
>
  <div
    class="tm-li-tx__icon"
  >
    <img
      src="../../assets/cosmos-logo.png"
      style="border-color: #7227b1;"
    />
  </div>
  <div
    class="tm-li-tx__content"
  >
    <div
      class="tm-li-tx__content__left"
    >
      <div
        class="tm-li-tx__content__caption"
      >
        <p
          class="tm-li-tx__content__caption__title"
        >
          <div>
            Redelegated 
            <b>
              0
            </b>
            <span>
               stakes
            </span>
          </div>
        </p>
      </div>
      <div
        class="tm-li-tx__content__information"
      >
        <div>
          From 
          <router-link
            to="/validator/cosmosvaladdr15ky9du8a2wlstz6fpx3p4mqpjyrm5ctqzh8yqw"
          >
            cool validator
          </router-link>
           to 
          <router-link
            to="/validator/cosmosvaladdr157mg9hnhchfrqvk3enrvmvj29yhmlwf759xrgw"
          >
            Kentucky val
          </router-link>
        </div>
      </div>
    </div>
    <!---->
    <div
      class="tm-li-tx__content__block"
    >
      <a
        href="https://explorecosmos.network/blocks/566"
      >
        Block #566 
      </a>
      @ 2:03 am
    </div>
  </div>
</div>
`;

exports[`TmLiStakeTransaction redelegations should show redelegations by displaying the given token amount 1`] = `
<div
  class="tm-li-tx"
>
  <div
    class="tm-li-tx__icon"
  >
    <img
      src="../../assets/cosmos-logo.png"
      style="border-color: #7227b1;"
    />
  </div>
  <div
    class="tm-li-tx__content"
  >
    <div
      class="tm-li-tx__content__left"
    >
      <div
        class="tm-li-tx__content__caption"
      >
        <p
          class="tm-li-tx__content__caption__title"
        >
          <div>
            Redelegated 
            <b>
              15
            </b>
            <span>
               stakes
            </span>
          </div>
        </p>
      </div>
      <div
        class="tm-li-tx__content__information"
      >
        <div>
          From 
          <router-link
            to="/validator/cosmosvaladdr15ky9du8a2wlstz6fpx3p4mqpjyrm5ctqzh8yqw"
          >
            cool validator
          </router-link>
           to 
          <router-link
            to="/validator/cosmosvaladdr157mg9hnhchfrqvk3enrvmvj29yhmlwf759xrgw"
          >
            Kentucky val
          </router-link>
        </div>
      </div>
    </div>
    <!---->
    <div
      class="tm-li-tx__content__block"
    >
      <a
        href="https://explorecosmos.network/blocks/566"
      >
        Block #566 
      </a>
      @ 2:03 am
    </div>
  </div>
</div>
`;

exports[`TmLiStakeTransaction unbonding delegations should show unbondings 1`] = `
<div
  class="tm-li-tx"
>
  <div
    class="tm-li-tx__icon"
  >
    <img
      src="../../assets/cosmos-logo.png"
      style="border-color: #9d5c19;"
    />
  </div>
  <div
    class="tm-li-tx__content"
  >
    <div
      class="tm-li-tx__content__left"
    >
      <div
        class="tm-li-tx__content__caption"
      >
        <p
          class="tm-li-tx__content__caption__title"
        >
          <div>
            Unbonded 
            <b>
              20
            </b>
            <span>
               stakes
            </span>
            <!---->
          </div>
        </p>
      </div>
      <div
        class="tm-li-tx__content__information"
      >
        <div>
          From 
          <router-link
            to="/validator/cosmosvaladdr15ky9du8a2wlstz6fpx3p4mqpjyrm5ctqzh8yqw"
          >
            cool validator
          </router-link>
        </div>
      </div>
    </div>
    <div
      class="tm-li-tx__content__action"
    >
      <div>
        <!---->
      </div>
    </div>
    <div
      class="tm-li-tx__content__block"
    >
      <a
        href="https://explorecosmos.network/blocks/566"
      >
        Block #566 
      </a>
      @ 2:03 am
    </div>
  </div>
</div>
`;

exports[`TmLiStakeTransaction unbonding delegations should show unbondings by displaying the given token amount 1`] = `
<div
  class="tm-li-tx"
>
  <div
    class="tm-li-tx__icon"
  >
    <img
      src="../../assets/cosmos-logo.png"
      style="border-color: #9d5c19;"
    />
  </div>
  <div
    class="tm-li-tx__content"
  >
    <div
      class="tm-li-tx__content__left"
    >
      <div
        class="tm-li-tx__content__caption"
      >
        <p
          class="tm-li-tx__content__caption__title"
        >
          <div>
            Unbonded 
            <b>
              15
            </b>
            <span>
               stakes
            </span>
            <!---->
          </div>
        </p>
      </div>
      <div
        class="tm-li-tx__content__information"
      >
        <div>
          From 
          <router-link
            to="/validator/cosmosvaladdr15ky9du8a2wlstz6fpx3p4mqpjyrm5ctqzh8yqw"
          >
            cool validator
          </router-link>
        </div>
      </div>
    </div>
    <div
      class="tm-li-tx__content__action"
    >
      <div>
        <!---->
      </div>
    </div>
    <div
      class="tm-li-tx__content__block"
    >
      <a
        href="https://explorecosmos.network/blocks/566"
      >
        Block #566 
      </a>
      @ 2:03 am
    </div>
  </div>
</div>
`;
