// Jest Snapshot v1, https://goo.gl/fbAQLP

exports[`TmLiAnyTransaction shows bank transactions 1`] = `
<div
  class="tm-li-tx"
>
  <div
    class="tm-li-tx__icon"
  >
    <img
      src="../../assets/cosmos-logo.png"
      style="border-color: #25293f;"
    />
  </div>
  <div
    class="tm-li-tx__content"
  >
    <div
      class="tm-li-tx__content__left"
    >
      <div
        class="tm-li-tx__content__caption"
      >
        <p
          class="tm-li-tx__content__caption__title"
        >
          <div>
            Sent 
            <b>
              1234
            </b>
            <span>
               JBCOINS
            </span>
          </div>
        </p>
      </div>
      <div
        class="tm-li-tx__content__information"
      >
        <span>
          To tb1d4u5zerywfjhxuc9nudvw
        </span>
      </div>
    </div>
    <!---->
    <div
      class="tm-li-tx__content__block"
    >
      <a
        href="https://explorecosmos.network/blocks/3436"
      >
        Block #3436 
      </a>
      @ 2:03 am
    </div>
  </div>
</div>
`;

exports[`TmLiAnyTransaction shows stake transactions 1`] = `
<div
  class="tm-li-tx"
>
  <div
    class="tm-li-tx__icon"
  >
    <img
      src="../../assets/cosmos-logo.png"
      style="border-color: #512584;"
    />
  </div>
  <div
    class="tm-li-tx__content"
  >
    <div
      class="tm-li-tx__content__left"
    >
      <div
        class="tm-li-tx__content__caption"
      >
        <p
          class="tm-li-tx__content__caption__title"
        >
          <div>
            Delegated 
            <b>
              4200
            </b>
            <span>
               STEAKS
            </span>
          </div>
        </p>
      </div>
      <div
        class="tm-li-tx__content__information"
      >
        <div>
          To 
          <router-link
            to="/cosmosvaladdr15ky9du8a2wlstz6fpx3p4mqpjyrm5ctqzh8yqw"
          >
            cool validator
          </router-link>
        </div>
      </div>
    </div>
    <!---->
    <div
      class="tm-li-tx__content__block"
    >
      <a
        href="https://explorecosmos.network/blocks/566"
      >
        Block #566 
      </a>
      @ 2:03 am
    </div>
  </div>
</div>
`;

exports[`TmLiAnyTransaction shows unknown transactions 1`] = `
<div
  class="tm-li-tx"
>
  <div
    class="tm-li-tx__icon"
  >
    <img
      src="../../assets/cosmos-logo.png"
    />
  </div>
  <div
    class="tm-li-tx__content"
  >
    <div
      class="tm-li-tx__content__left"
    >
      <div
        class="tm-li-tx__content__caption"
      >
        <p
          class="tm-li-tx__content__caption__title"
        >
          <span>
            Unknown Transaction Type
          </span>
        </p>
      </div>
      <div
        class="tm-li-tx__content__information"
      />
    </div>
    <!---->
    <div
      class="tm-li-tx__content__block"
    >
      <a
        href="https://explorecosmos.network/blocks/3436"
      >
        Block #3436 
      </a>
      @ 2:03 am
    </div>
  </div>
</div>
`;
